
Memory Configuration

Name             Origin             Length             Attributes
bram             0x0000000000000000 0x0000000000001000
*default*        0x0000000000000000 0xffffffffffffffff

Linker script and memory map

                0x0000000000000000                __DYNAMIC = 0x0
                0x0000000000000000                _BRAM_START = 0x0
                0x0000000000001000                _BRAM_SIZE = 0x1000
                0x0000000000001000                _BRAM_END = (_BRAM_START + _BRAM_SIZE)

.text           0x0000000000000000      0x264
                0x0000000000000000                _ftext = .
 *(.text .stub .text.* .gnu.linkonce.t.*)
 .text          0x0000000000000000       0x8c crt0ram.o
                0x0000000000000000                _start
                0x0000000000000060                irq_enable
                0x000000000000006c                irq_mask
                0x0000000000000078                irq_disable
                0x0000000000000084                jump
                0x0000000000000088                halt
 .text          0x000000000000008c      0x100 main.o
                0x000000000000008c                read_uint32
                0x00000000000000cc                main
 .text          0x000000000000018c       0xd8 soc-hw.o
                0x000000000000018c                sleep
                0x00000000000001c0                tic_init
                0x00000000000001e4                uart_init
                0x00000000000001e8                uart_getchar
                0x000000000000020c                uart_putchar
                0x0000000000000230                uart_putstr
                0x0000000000000264                _etext = .

.rodata         0x0000000000000264        0x8
                0x0000000000000264                . = ALIGN (0x4)
                0x0000000000000264                _frodata = .
 *(.rodata .rodata.* .gnu.linkonce.r.*)
 .rodata.str1.4
                0x0000000000000264        0x8 main.o
 *(.rodata1)
                0x000000000000026c                _erodata = .

.data           0x000000000000026c        0xc
                0x000000000000026c                . = ALIGN (0x4)
                0x000000000000026c                _fdata = .
 *(.data .data.* .gnu.linkonce.d.*)
 .data          0x000000000000026c        0x0 crt0ram.o
 .data          0x000000000000026c        0x0 main.o
 .data          0x000000000000026c        0xc soc-hw.o
                0x000000000000026c                uart0
                0x0000000000000270                timer0
                0x0000000000000274                gpio0
 *(.data1)
                0x0000000000000280                _gp = ALIGN (0x10)
 *(.sdata .sdata.* .gnu.linkonce.s.*)
                0x0000000000000278                _edata = .

.bss            0x0000000000000278        0x4
                0x0000000000000278                . = ALIGN (0x4)
                0x0000000000000278                _fbss = .
 *(.dynsbss)
 *(.sbss .sbss.* .gnu.linkonce.sb.*)
 *(.scommon)
 *(.dynbss)
 *(.bss .bss.* .gnu.linkonce.b.*)
 .bss           0x0000000000000278        0x0 crt0ram.o
 .bss           0x0000000000000278        0x0 main.o
 .bss           0x0000000000000278        0x4 soc-hw.o
                0x0000000000000278                msec
 *(COMMON)
                0x000000000000027c                _ebss = .
                0x000000000000027c                _end = .
                0x0000000000000ffc                PROVIDE (_fstack, ((ORIGIN (bram) + 0x1000) - 0x4))
LOAD crt0ram.o
LOAD main.o
LOAD soc-hw.o
OUTPUT(image elf32-lm32)

.debug_abbrev   0x0000000000000000      0x1f4
 .debug_abbrev  0x0000000000000000       0xa6 main.o
 .debug_abbrev  0x00000000000000a6      0x14e soc-hw.o

.debug_info     0x0000000000000000      0x402
 .debug_info    0x0000000000000000      0x131 main.o
 .debug_info    0x0000000000000131      0x2d1 soc-hw.o

.debug_line     0x0000000000000000      0x274
 .debug_line    0x0000000000000000      0x148 main.o
 .debug_line    0x0000000000000148      0x12c soc-hw.o

.debug_frame    0x0000000000000000       0xa0
 .debug_frame   0x0000000000000000       0x30 main.o
 .debug_frame   0x0000000000000030       0x70 soc-hw.o

.debug_loc      0x0000000000000000      0x19a
 .debug_loc     0x0000000000000000      0x143 main.o
 .debug_loc     0x0000000000000143       0x57 soc-hw.o

.debug_pubnames
                0x0000000000000000       0xbc
 .debug_pubnames
                0x0000000000000000       0x2b main.o
 .debug_pubnames
                0x000000000000002b       0x91 soc-hw.o

.debug_pubtypes
                0x0000000000000000       0x77
 .debug_pubtypes
                0x0000000000000000       0x36 main.o
 .debug_pubtypes
                0x0000000000000036       0x41 soc-hw.o

.debug_aranges  0x0000000000000000       0x40
 .debug_aranges
                0x0000000000000000       0x20 main.o
 .debug_aranges
                0x0000000000000020       0x20 soc-hw.o

.debug_str      0x0000000000000000      0x159
 .debug_str     0x0000000000000000       0x96 main.o
                                         0xae (size before relaxing)
 .debug_str     0x0000000000000096       0xc3 soc-hw.o
                                        0x135 (size before relaxing)

.comment        0x0000000000000000       0x11
 .comment       0x0000000000000000       0x11 main.o
                                         0x12 (size before relaxing)
 .comment       0x0000000000000000       0x12 soc-hw.o
